
[35092] signal 15: Terminated: 15
in expression starting at /Users/david/Coding/Julia/algolib/julia/scripts/run_algorithmic_compression_final_worker_v1.jl:553
sizeof at ./Base.jl:50 [inlined]
hash at ./hashing.jl:200 [inlined]
hash at ./tuple.jl:580 [inlined]
hash at ./tuple.jl:580 [inlined]
hash at /Users/david/Coding/Julia/algolib/julia/src/Types.jl:87 [inlined]
hash at ./hashing.jl:28 [inlined]
hashindex at ./dict.jl:128 [inlined]
ht_keyindex2_shorthash! at ./dict.jl:274
setindex! at ./dict.jl:356
push! at ./set.jl:137 [inlined]
union! at ./abstractset.jl:106
unknown function (ip: 0x12ad38173) at (unknown file)
#check_journal_compression_solution#699 at /Users/david/Coding/Julia/algolib/julia/src/JournalCompressionInstance.jl:1136
check_journal_compression_solution at /Users/david/Coding/Julia/algolib/julia/src/JournalCompressionInstance.jl:1116 [inlined]
_journal_complete_deletion_scan at /Users/david/Coding/Julia/algolib/julia/src/CertifiedDeletionJournalCompression.jl:185
#_solve_journal_deletion_single#812 at /Users/david/Coding/Julia/algolib/julia/src/CertifiedDeletionJournalCompression.jl:494
_solve_journal_deletion_single at /Users/david/Coding/Julia/algolib/julia/src/CertifiedDeletionJournalCompression.jl:459 [inlined]
_journal_multistart_random_deletion at /Users/david/Coding/Julia/algolib/julia/src/CertifiedDeletionJournalCompression.jl:583
#solve_journal_compression_deletion#824 at /Users/david/Coding/Julia/algolib/julia/src/CertifiedDeletionJournalCompression.jl:675
solve_journal_compression_deletion at /Users/david/Coding/Julia/algolib/julia/src/CertifiedDeletionJournalCompression.jl:664 [inlined]
#solve_journal_compression_multistart_random#827 at /Users/david/Coding/Julia/algolib/julia/src/CertifiedDeletionJournalCompression.jl:743 [inlined]
solve_journal_compression_multistart_random at /Users/david/Coding/Julia/algolib/julia/src/CertifiedDeletionJournalCompression.jl:738 [inlined]
_execute at /Users/david/Coding/Julia/algolib/julia/scripts/run_algorithmic_compression_final_worker_v1.jl:366
macro expansion at ./timing.jl:697 [inlined]
run_job at /Users/david/Coding/Julia/algolib/julia/scripts/run_algorithmic_compression_final_worker_v1.jl:514
main at /Users/david/Coding/Julia/algolib/julia/scripts/run_algorithmic_compression_final_worker_v1.jl:547 [inlined]
main at /Users/david/Coding/Julia/algolib/julia/scripts/run_algorithmic_compression_final_worker_v1.jl:544
unknown function (ip: 0x1154a8193) at (unknown file)
jl_apply at /Users/julia/.julia/scratchspaces/a66863c6-20e8-4ff4-8a62-49f30b1f605e/agent-cache/default-honeycrisp-HL2F7YQ3XH.0/build/default-honeycrisp-HL2F7YQ3XH-0/julialang/julia-release-1-dot-12/src/./julia.h:2391 [inlined]
do_call at /Users/julia/.julia/scratchspaces/a66863c6-20e8-4ff4-8a62-49f30b1f605e/agent-cache/default-honeycrisp-HL2F7YQ3XH.0/build/default-honeycrisp-HL2F7YQ3XH-0/julialang/julia-release-1-dot-12/src/interpreter.c:123
eval_stmt_value at /Users/julia/.julia/scratchspaces/a66863c6-20e8-4ff4-8a62-49f30b1f605e/agent-cache/default-honeycrisp-HL2F7YQ3XH.0/build/default-honeycrisp-HL2F7YQ3XH-0/julialang/julia-release-1-dot-12/src/interpreter.c:194
eval_body at /Users/julia/.julia/scratchspaces/a66863c6-20e8-4ff4-8a62-49f30b1f605e/agent-cache/default-honeycrisp-HL2F7YQ3XH.0/build/default-honeycrisp-HL2F7YQ3XH-0/julialang/julia-release-1-dot-12/src/interpreter.c:689
jl_interpret_toplevel_thunk at /Users/julia/.julia/scratchspaces/a66863c6-20e8-4ff4-8a62-49f30b1f605e/agent-cache/default-honeycrisp-HL2F7YQ3XH.0/build/default-honeycrisp-HL2F7YQ3XH-0/julialang/julia-release-1-dot-12/src/interpreter.c:898
jl_toplevel_eval_flex at /Users/julia/.julia/scratchspaces/a66863c6-20e8-4ff4-8a62-49f30b1f605e/agent-cache/default-honeycrisp-HL2F7YQ3XH.0/build/default-honeycrisp-HL2F7YQ3XH-0/julialang/julia-release-1-dot-12/src/toplevel.c:1035
jl_toplevel_eval_flex at /Users/julia/.julia/scratchspaces/a66863c6-20e8-4ff4-8a62-49f30b1f605e/agent-cache/default-honeycrisp-HL2F7YQ3XH.0/build/default-honeycrisp-HL2F7YQ3XH-0/julialang/julia-release-1-dot-12/src/toplevel.c:975
ijl_toplevel_eval at /Users/julia/.julia/scratchspaces/a66863c6-20e8-4ff4-8a62-49f30b1f605e/agent-cache/default-honeycrisp-HL2F7YQ3XH.0/build/default-honeycrisp-HL2F7YQ3XH-0/julialang/julia-release-1-dot-12/src/toplevel.c:1047 [inlined]
ijl_toplevel_eval_in at /Users/julia/.julia/scratchspaces/a66863c6-20e8-4ff4-8a62-49f30b1f605e/agent-cache/default-honeycrisp-HL2F7YQ3XH.0/build/default-honeycrisp-HL2F7YQ3XH-0/julialang/julia-release-1-dot-12/src/toplevel.c:1092
eval at ./boot.jl:489
include_string at ./loading.jl:2874
_include at ./loading.jl:2934
include at ./Base.jl:306
exec_options at ./client.jl:317
_start at ./client.jl:550
jfptr__start_29115.1 at /Users/david/Coding/Julia/algolib/.local_runtime/julia-1.12.6/lib/julia/sys.dylib (unknown line)
jl_apply at /Users/julia/.julia/scratchspaces/a66863c6-20e8-4ff4-8a62-49f30b1f605e/agent-cache/default-honeycrisp-HL2F7YQ3XH.0/build/default-honeycrisp-HL2F7YQ3XH-0/julialang/julia-release-1-dot-12/src/./julia.h:2391 [inlined]
true_main at /Users/julia/.julia/scratchspaces/a66863c6-20e8-4ff4-8a62-49f30b1f605e/agent-cache/default-honeycrisp-HL2F7YQ3XH.0/build/default-honeycrisp-HL2F7YQ3XH-0/julialang/julia-release-1-dot-12/src/jlapi.c:971
jl_repl_entrypoint at /Users/julia/.julia/scratchspaces/a66863c6-20e8-4ff4-8a62-49f30b1f605e/agent-cache/default-honeycrisp-HL2F7YQ3XH.0/build/default-honeycrisp-HL2F7YQ3XH-0/julialang/julia-release-1-dot-12/src/jlapi.c:1139
unknown function (ip: 0x0) at (unknown file)
Allocations: 825037083 (Pool: 825036534; Big: 549); GC: 116
