Running HiGHS 1.15.1 (git hash: 04024d701f): Copyright (c) 2026 under MIT licence terms
Includes third-party software components, see THIRD_PARTY_NOTICES.md for full details
Using BLAS: Apple Accelerate 
MIP has 24 rows; 19 cols; 353 nonzeros; 19 integer variables (19 binary)
Coefficient ranges:
  Matrix  [1e+00, 1e+00]
  Cost    [1e+00, 2e+01]
  Bound   [1e+00, 1e+00]
  RHS     [1e+00, 1e+00]
Presolving model
24 rows, 19 cols, 353 nonzeros 0s
24 rows, 19 cols, 353 nonzeros 0s
Presolve reductions: rows 24(-0); columns 19(-0); nonzeros 353(-0) - Not reduced
Objective function is integral with scale 1

Solving MIP model with:
   24 rows
   19 cols (19 binary, 0 integer, 0 implied int., 0 continuous, 0 domain fixed)
   353 nonzeros
   Thread count 1 (of 10 threads). Using 1 max workers. Parallel search off

Src: B => Branching; C => Central rounding; F => Feasibility pump; H => Heuristic;
     I => Shifting; J => Feasibility jump; L => Sub-MIP; P => Empty MIP; R => Randomized rounding;
     S => Solve LP; T => Evaluate node; U => Unbounded; X => User solution; Y => HiGHS solution;
     Z => ZI Round; l => Trivial lower; p => Trivial point; u => Trivial upper; z => Trivial zero

        Nodes      |    B&B Tree     |            Objective Bounds              |  Dynamic Constraints |       Work      
Src  Proc. InQueue |  Leaves   Expl. | BestBound       BestSol              Gap |   Cuts   InLp Confl. | LpIters     Time

 u       0       0         0   0.00%   -inf            108                Large        0      0      0         0     0.0s
 J       0       0         0   0.00%   -inf            92                 Large        0      0      0         0     0.0s
 S       0       0         0   0.00%   1               6                 83.33%        0      0      0         0     0.0s
 R       0       0         0   0.00%   2.25            5                 55.00%        0      0      0         7     0.0s

57.9% inactive integer columns, restarting
Model after restart has 9 rows, 8 cols (8 bin., 0 int., 0 impl., 0 cont., 0 dom.fix.), and 64 nonzeros

         0       0         0   0.00%   2.25            5                 55.00%        0      0      0         7     0.0s
 R       0       0         0   0.00%   2.25            4                 43.75%        0      0      0         7     0.0s
 H       0       0         0   0.00%   3               3                  0.00%        5      1     10        12     0.0s
         1       0         1 100.00%   3               3                  0.00%        5      1     11        15     0.0s

Solving report
  Status            Optimal
  Primal bound      3
  Dual bound        3
  Gap               0%
  P-D integral      0.00176570347925
  Solution status   feasible
                    3 (objective)
                    0 (bound viol.)
                    0 (int. viol.)
                    0 (row viol.)
  Timing            0.01
                    0.00 (Presolve)
                    0.01 (Solve)
                    0.00 (Postsolve)
  Max sub-MIP depth 0
  Nodes             1
  Repair LPs        0
  LP iterations     15
                    0 (strong br.)
                    5 (separation)
                    3 (heuristics)
