Running HiGHS 1.15.1 (git hash: 04024d701f): Copyright (c) 2026 under MIT licence terms
Includes third-party software components, see THIRD_PARTY_NOTICES.md for full details
Using BLAS: Apple Accelerate 
MIP has 6 rows; 6 cols; 12 nonzeros; 6 integer variables (6 binary)
Coefficient ranges:
  Matrix  [1e+00, 1e+00]
  Cost    [1e+00, 2e+01]
  Bound   [1e+00, 1e+00]
  RHS     [1e+00, 1e+00]
Presolving model
6 rows, 4 cols, 12 nonzeros 0s
3 rows, 4 cols, 6 nonzeros 0s
3 rows, 4 cols, 6 nonzeros 0s
Presolve reductions: rows 3(-3); columns 4(-2); nonzeros 6(-6) 
Objective function is integral with scale 1

Solving MIP model with:
   3 rows
   4 cols (4 binary, 0 integer, 0 implied int., 0 continuous, 0 domain fixed)
   6 nonzeros
   Thread count 1 (of 10 threads). Using 1 max workers. Parallel search off

Src: B => Branching; C => Central rounding; F => Feasibility pump; H => Heuristic;
     I => Shifting; J => Feasibility jump; L => Sub-MIP; P => Empty MIP; R => Randomized rounding;
     S => Solve LP; T => Evaluate node; U => Unbounded; X => User solution; Y => HiGHS solution;
     Z => ZI Round; l => Trivial lower; p => Trivial point; u => Trivial upper; z => Trivial zero

        Nodes      |    B&B Tree     |            Objective Bounds              |  Dynamic Constraints |       Work      
Src  Proc. InQueue |  Leaves   Expl. | BestBound       BestSol              Gap |   Cuts   InLp Confl. | LpIters     Time

 u       0       0         0   0.00%   -inf            20                 Large        0      0      0         0     0.0s
 J       0       0         0 100.00%   -inf            4                  Large        0      0      0         0     0.0s
         1       0         1 100.00%   4               4                  0.00%        0      0      0         0     0.0s

Solving report
  Status            Optimal
  Primal bound      4
  Dual bound        4
  Gap               0%
  P-D integral      5.00003807247e-07
  Solution status   feasible
                    4 (objective)
                    0 (bound viol.)
                    0 (int. viol.)
                    0 (row viol.)
  Timing            0.01
                    0.00 (Presolve)
                    0.01 (Solve)
                    0.00 (Postsolve)
  Max sub-MIP depth 0
  Nodes             1
  Repair LPs        0
  LP iterations     0
