Running HiGHS 1.15.1 (git hash: 04024d701f): Copyright (c) 2026 under MIT licence terms
Includes third-party software components, see THIRD_PARTY_NOTICES.md for full details
Using BLAS: Apple Accelerate 
MIP has 63 rows; 64 cols; 127 nonzeros; 64 integer variables (64 binary)
Coefficient ranges:
  Matrix  [1e+00, 1e+00]
  Cost    [1e+00, 1e+00]
  Bound   [1e+00, 1e+00]
  RHS     [1e+00, 1e+00]
Presolving model
63 rows, 64 cols, 127 nonzeros 0s
63 rows, 63 cols, 126 nonzeros 0s
Presolve reductions: rows 63(-0); columns 63(-1); nonzeros 126(-1) 
Objective function is integral with scale 1

Solving MIP model with:
   63 rows
   63 cols (63 binary, 0 integer, 0 implied int., 0 continuous, 0 domain fixed)
   126 nonzeros
   Thread count 1 (of 10 threads). Using 1 max workers. Parallel search off

Src: B => Branching; C => Central rounding; F => Feasibility pump; H => Heuristic;
     I => Shifting; J => Feasibility jump; L => Sub-MIP; P => Empty MIP; R => Randomized rounding;
     S => Solve LP; T => Evaluate node; U => Unbounded; X => User solution; Y => HiGHS solution;
     Z => ZI Round; l => Trivial lower; p => Trivial point; u => Trivial upper; z => Trivial zero

        Nodes      |    B&B Tree     |            Objective Bounds              |  Dynamic Constraints |       Work      
Src  Proc. InQueue |  Leaves   Expl. | BestBound       BestSol              Gap |   Cuts   InLp Confl. | LpIters     Time

 u       0       0         0   0.00%   -inf            63                 Large        0      0      0         0     0.0s
 J       0       0         0   0.00%   -inf            62                 Large        0      0      0         0     0.0s
 R       0       0         0   0.00%   31.5            61                48.36%        0      0      0        63     0.0s
 C       0       0         0   0.00%   32              60                46.67%        1      1      0        64     0.0s
 H       0       0         0   0.00%   32              32                 0.00%        1      1      0        64     0.0s
         1       0         1 100.00%   32              32                 0.00%        1      1      1        64     0.0s

Solving report
  Status            Optimal
  Primal bound      32
  Dual bound        32
  Gap               0%
  P-D integral      0.00128082994099
  Solution status   feasible
                    32 (objective)
                    0 (bound viol.)
                    0 (int. viol.)
                    0 (row viol.)
  Timing            0.01
                    0.00 (Presolve)
                    0.01 (Solve)
                    0.00 (Postsolve)
  Max sub-MIP depth 0
  Nodes             1
  Repair LPs        0
  LP iterations     64
                    0 (strong br.)
                    1 (separation)
                    0 (heuristics)
