Running HiGHS 1.15.1 (git hash: 04024d701f): Copyright (c) 2026 under MIT licence terms
Includes third-party software components, see THIRD_PARTY_NOTICES.md for full details
Using BLAS: Apple Accelerate 
MIP has 64 rows; 63 cols; 504 nonzeros; 63 integer variables (63 binary)
Coefficient ranges:
  Matrix  [1e+00, 1e+00]
  Cost    [1e+00, 2e+01]
  Bound   [1e+00, 1e+00]
  RHS     [1e+00, 1e+00]
Presolving model
64 rows, 28 cols, 504 nonzeros 0s
30 rows, 28 cols, 223 nonzeros 0s
30 rows, 19 cols, 188 nonzeros 0s
Presolve reductions: rows 30(-34); columns 19(-44); nonzeros 188(-316) 
Objective function is integral with scale 1

Solving MIP model with:
   30 rows
   19 cols (19 binary, 0 integer, 0 implied int., 0 continuous, 0 domain fixed)
   188 nonzeros
   Thread count 1 (of 10 threads). Using 1 max workers. Parallel search off

Src: B => Branching; C => Central rounding; F => Feasibility pump; H => Heuristic;
     I => Shifting; J => Feasibility jump; L => Sub-MIP; P => Empty MIP; R => Randomized rounding;
     S => Solve LP; T => Evaluate node; U => Unbounded; X => User solution; Y => HiGHS solution;
     Z => ZI Round; l => Trivial lower; p => Trivial point; u => Trivial upper; z => Trivial zero

        Nodes      |    B&B Tree     |            Objective Bounds              |  Dynamic Constraints |       Work      
Src  Proc. InQueue |  Leaves   Expl. | BestBound       BestSol              Gap |   Cuts   InLp Confl. | LpIters     Time

 u       0       0         0   0.00%   -inf            116                Large        0      0      0         0     0.0s
 J       0       0         0   0.00%   -inf            100                Large        0      0      0         0     0.0s
 S       0       0         0   0.00%   0               19               100.00%        0      0      0         0     0.0s
 R       0       0         0   0.00%   8.25            17                51.47%        0      0      0        10     0.0s

21.1% inactive integer columns, restarting
Model after restart has 25 rows, 15 cols (15 bin., 0 int., 0 impl., 0 cont., 0 dom.fix.), and 116 nonzeros

         0       0         0   0.00%   8.25            17                51.47%        0      0      0        10     0.0s
         0       0         0   0.00%   8.25            17                51.47%        0      0      3        10     0.0s
 S       0       0         0   0.00%   8.25            15                45.00%        3      1      3        10     0.0s
 C       0       0         0   0.00%   9               14                35.71%       13      3      3        13     0.0s
 T       0       0         0   0.00%   9               9                  0.00%       13      3      3        13     0.0s
         1       0         1 100.00%   9               9                  0.00%       13      3      3        13     0.0s

Solving report
  Status            Optimal
  Primal bound      9
  Dual bound        9
  Gap               0%
  P-D integral      0.00162521486218
  Solution status   feasible
                    9 (objective)
                    0 (bound viol.)
                    0 (int. viol.)
                    0 (row viol.)
  Timing            0.01
                    0.00 (Presolve)
                    0.01 (Solve)
                    0.00 (Postsolve)
  Max sub-MIP depth 0
  Nodes             1
  Repair LPs        0
  LP iterations     13
                    0 (strong br.)
                    3 (separation)
                    0 (heuristics)
