Running HiGHS 1.15.1 (git hash: 04024d701f): Copyright (c) 2026 under MIT licence terms
Includes third-party software components, see THIRD_PARTY_NOTICES.md for full details
Using BLAS: Apple Accelerate 
MIP has 12 rows; 12 cols; 24 nonzeros; 12 integer variables (12 binary)
Coefficient ranges:
  Matrix  [1e+00, 1e+00]
  Cost    [1e+00, 1e+00]
  Bound   [1e+00, 1e+00]
  RHS     [1e+00, 1e+00]
Presolving model
12 rows, 12 cols, 24 nonzeros 0s
12 rows, 12 cols, 24 nonzeros 0s
Presolve reductions: rows 12(-0); columns 12(-0); nonzeros 24(-0) - Not reduced
Objective function is integral with scale 1

Solving MIP model with:
   12 rows
   12 cols (12 binary, 0 integer, 0 implied int., 0 continuous, 0 domain fixed)
   24 nonzeros
   Thread count 1 (of 10 threads). Using 1 max workers. Parallel search off

Src: B => Branching; C => Central rounding; F => Feasibility pump; H => Heuristic;
     I => Shifting; J => Feasibility jump; L => Sub-MIP; P => Empty MIP; R => Randomized rounding;
     S => Solve LP; T => Evaluate node; U => Unbounded; X => User solution; Y => HiGHS solution;
     Z => ZI Round; l => Trivial lower; p => Trivial point; u => Trivial upper; z => Trivial zero

        Nodes      |    B&B Tree     |            Objective Bounds              |  Dynamic Constraints |       Work      
Src  Proc. InQueue |  Leaves   Expl. | BestBound       BestSol              Gap |   Cuts   InLp Confl. | LpIters     Time

 u       0       0         0   0.00%   -inf            12                 Large        0      0      0         0     0.0s
 J       0       0         0   0.00%   -inf            11                 Large        0      0      0         0     0.0s
 T       0       0         0 100.00%   5               6                 16.67%        0      0      0        11     0.0s
         1       0         1 100.00%   6               6                  0.00%        0      0      0        11     0.0s

Solving report
  Status            Optimal
  Primal bound      6
  Dual bound        6
  Gap               0%
  P-D integral      0.000213890555174
  Solution status   feasible
                    6 (objective)
                    0 (bound viol.)
                    0 (int. viol.)
                    0 (row viol.)
  Timing            0.01
                    0.00 (Presolve)
                    0.01 (Solve)
                    0.00 (Postsolve)
  Max sub-MIP depth 0
  Nodes             1
  Repair LPs        0
  LP iterations     11
                    0 (strong br.)
                    0 (separation)
                    0 (heuristics)
