Running HiGHS 1.15.1 (git hash: 04024d701f): Copyright (c) 2026 under MIT licence terms
Includes third-party software components, see THIRD_PARTY_NOTICES.md for full details
Using BLAS: Apple Accelerate 
MIP has 31 rows; 31 cols; 496 nonzeros; 31 integer variables (31 binary)
Coefficient ranges:
  Matrix  [1e+00, 1e+00]
  Cost    [1e+00, 1e+00]
  Bound   [1e+00, 1e+00]
  RHS     [1e+00, 1e+00]
Presolving model
31 rows, 31 cols, 496 nonzeros 0s
31 rows, 31 cols, 496 nonzeros 0s
Presolve reductions: rows 31(-0); columns 31(-0); nonzeros 496(-0) - Not reduced
Objective function is integral with scale 1

Solving MIP model with:
   31 rows
   31 cols (31 binary, 0 integer, 0 implied int., 0 continuous, 0 domain fixed)
   496 nonzeros
   Thread count 1 (of 10 threads). Using 1 max workers. Parallel search off

Src: B => Branching; C => Central rounding; F => Feasibility pump; H => Heuristic;
     I => Shifting; J => Feasibility jump; L => Sub-MIP; P => Empty MIP; R => Randomized rounding;
     S => Solve LP; T => Evaluate node; U => Unbounded; X => User solution; Y => HiGHS solution;
     Z => ZI Round; l => Trivial lower; p => Trivial point; u => Trivial upper; z => Trivial zero

        Nodes      |    B&B Tree     |            Objective Bounds              |  Dynamic Constraints |       Work      
Src  Proc. InQueue |  Leaves   Expl. | BestBound       BestSol              Gap |   Cuts   InLp Confl. | LpIters     Time

 u       0       0         0   0.00%   -inf            31                 Large        0      0      0         0     0.0s
 J       0       0         0   0.00%   -inf            30                 Large        0      0      0         0     0.0s
 R       0       0         0   0.00%   1.9375          29                93.32%        0      0      0        31     0.0s
 C       0       0         0   0.00%   2               28                92.86%        1      1      0        32     0.0s
 H       0       0         0   0.00%   2               2                  0.00%        1      1      0        32     0.0s
         1       0         1 100.00%   2               2                  0.00%        1      1      1        32     0.0s

Solving report
  Status            Optimal
  Primal bound      2
  Dual bound        2
  Gap               0%
  P-D integral      0.00208456675046
  Solution status   feasible
                    2 (objective)
                    0 (bound viol.)
                    0 (int. viol.)
                    0 (row viol.)
  Timing            0.01
                    0.00 (Presolve)
                    0.00 (Solve)
                    0.00 (Postsolve)
  Max sub-MIP depth 0
  Nodes             1
  Repair LPs        0
  LP iterations     32
                    0 (strong br.)
                    1 (separation)
                    0 (heuristics)
