Running HiGHS 1.15.1 (git hash: 04024d701f): Copyright (c) 2026 under MIT licence terms
Includes third-party software components, see THIRD_PARTY_NOTICES.md for full details
Using BLAS: Apple Accelerate 
MIP has 64 rows; 63 cols; 504 nonzeros; 63 integer variables (63 binary)
Coefficient ranges:
  Matrix  [1e+00, 1e+00]
  Cost    [1e+00, 2e+01]
  Bound   [1e+00, 1e+00]
  RHS     [1e+00, 1e+00]
Presolving model
64 rows, 29 cols, 504 nonzeros 0s
25 rows, 28 cols, 183 nonzeros 0s
25 rows, 16 cols, 126 nonzeros 0s
Presolve reductions: rows 25(-39); columns 16(-47); nonzeros 126(-378) 
Objective function is integral with scale 1

Solving MIP model with:
   25 rows
   16 cols (16 binary, 0 integer, 0 implied int., 0 continuous, 0 domain fixed)
   126 nonzeros
   Thread count 1 (of 10 threads). Using 1 max workers. Parallel search off

Src: B => Branching; C => Central rounding; F => Feasibility pump; H => Heuristic;
     I => Shifting; J => Feasibility jump; L => Sub-MIP; P => Empty MIP; R => Randomized rounding;
     S => Solve LP; T => Evaluate node; U => Unbounded; X => User solution; Y => HiGHS solution;
     Z => ZI Round; l => Trivial lower; p => Trivial point; u => Trivial upper; z => Trivial zero

        Nodes      |    B&B Tree     |            Objective Bounds              |  Dynamic Constraints |       Work      
Src  Proc. InQueue |  Leaves   Expl. | BestBound       BestSol              Gap |   Cuts   InLp Confl. | LpIters     Time

 u       0       0         0   0.00%   -inf            96                 Large        0      0      0         0     0.0s
 J       0       0         0   0.00%   -inf            80                 Large        0      0      0         0     0.0s
 T       0       0         0 100.00%   1               5                 80.00%        0      0      0         6     0.0s
         1       0         1 100.00%   5               5                  0.00%        0      0      0         6     0.0s

Solving report
  Status            Optimal
  Primal bound      5
  Dual bound        5
  Gap               0%
  P-D integral      0.00104100614553
  Solution status   feasible
                    5 (objective)
                    0 (bound viol.)
                    0 (int. viol.)
                    0 (row viol.)
  Timing            0.01
                    0.00 (Presolve)
                    0.00 (Solve)
                    0.00 (Postsolve)
  Max sub-MIP depth 0
  Nodes             1
  Repair LPs        0
  LP iterations     6
                    0 (strong br.)
                    0 (separation)
                    0 (heuristics)
