Running HiGHS 1.15.1 (git hash: 04024d701f): Copyright (c) 2026 under MIT licence terms
Includes third-party software components, see THIRD_PARTY_NOTICES.md for full details
Using BLAS: Apple Accelerate 
MIP has 32 rows; 191 cols; 764 nonzeros; 191 integer variables (191 binary)
Coefficient ranges:
  Matrix  [1e+00, 1e+00]
  Cost    [1e+00, 2e+01]
  Bound   [1e+00, 1e+00]
  RHS     [1e+00, 1e+00]
Presolving model
32 rows, 55 cols, 763 nonzeros 0s
28 rows, 41 cols, 542 nonzeros 0s
28 rows, 19 cols, 352 nonzeros 0s
Presolve reductions: rows 28(-4); columns 19(-172); nonzeros 352(-412) 
Objective function is integral with scale 1

Solving MIP model with:
   28 rows
   19 cols (19 binary, 0 integer, 0 implied int., 0 continuous, 0 domain fixed)
   352 nonzeros
   Thread count 1 (of 10 threads). Using 1 max workers. Parallel search off

Src: B => Branching; C => Central rounding; F => Feasibility pump; H => Heuristic;
     I => Shifting; J => Feasibility jump; L => Sub-MIP; P => Empty MIP; R => Randomized rounding;
     S => Solve LP; T => Evaluate node; U => Unbounded; X => User solution; Y => HiGHS solution;
     Z => ZI Round; l => Trivial lower; p => Trivial point; u => Trivial upper; z => Trivial zero

        Nodes      |    B&B Tree     |            Objective Bounds              |  Dynamic Constraints |       Work      
Src  Proc. InQueue |  Leaves   Expl. | BestBound       BestSol              Gap |   Cuts   InLp Confl. | LpIters     Time

 u       0       0         0   0.00%   -inf            63                 Large        0      0      0         0     0.0s
 J       0       0         0   0.00%   -inf            47                 Large        0      0      0         0     0.0s
 S       0       0         0   0.00%   0               7                100.00%        0      0      0         0     0.0s
 R       0       0         0   0.00%   2.2             6                 63.33%        0      0      0         9     0.0s

10.5% inactive integer columns, restarting
Model after restart has 19 rows, 17 cols (17 bin., 0 int., 0 impl., 0 cont., 0 dom.fix.), and 255 nonzeros

         0       0         0   0.00%   2.2             6                 63.33%        0      0      0         9     0.0s
 R       0       0         0   0.00%   2.2             5                 56.00%        0      0      0         9     0.0s

35.3% inactive integer columns, restarting
Model after restart has 13 rows, 11 cols (11 bin., 0 int., 0 impl., 0 cont., 0 dom.fix.), and 102 nonzeros

         0       0         0   0.00%   2.2             5                 56.00%        0      0      0         9     0.0s
 R       0       0         0   0.00%   2.2             4                 45.00%        0      0      0         9     0.0s
 T       0       0         0   0.00%   2.2             3                 26.67%        4      1      0        14     0.0s
         1       0         1 100.00%   3               3                  0.00%        4      1      0        14     0.0s

Solving report
  Status            Optimal
  Primal bound      3
  Dual bound        3
  Gap               0%
  P-D integral      0.00165860731371
  Solution status   feasible
                    3 (objective)
                    0 (bound viol.)
                    6.66133814775e-16 (int. viol.)
                    0 (row viol.)
  Timing            0.01
                    0.00 (Presolve)
                    0.01 (Solve)
                    0.00 (Postsolve)
  Max sub-MIP depth 0
  Nodes             1
  Repair LPs        0
  LP iterations     14
                    0 (strong br.)
                    5 (separation)
                    0 (heuristics)
